[2025-07-09T13:26:58.906057+00:00] strava-api.INFO: POST - oauth/token - x-ratelimit-limit:  - x-ratelimit-usage:  - x-readratelimit-limit:  - x-readratelimit-usage:  [] []
[2025-07-09T13:39:50.389228+00:00] strava-api.INFO: POST - oauth/token - x-ratelimit-limit:  - x-ratelimit-usage:  - x-readratelimit-limit:  - x-readratelimit-usage:  [] []
[2025-07-09T13:53:09.423709+00:00] strava-api.INFO: POST - oauth/token - x-ratelimit-limit:  - x-ratelimit-usage:  - x-readratelimit-limit:  - x-readratelimit-usage:  [] []
[2025-07-09T13:53:29.109632+00:00] strava-api.INFO: POST - oauth/token - x-ratelimit-limit:  - x-ratelimit-usage:  - x-readratelimit-limit:  - x-readratelimit-usage:  [] []
[2025-07-09T13:53:39.383862+00:00] strava-api.INFO: GET - api/v3/athlete - x-ratelimit-limit: 200,2000 - x-ratelimit-usage: 2,4 - x-readratelimit-limit: 100,1000 - x-readratelimit-usage: 2,4 [] []
[2025-07-09T13:53:52.194040+00:00] strava-api.INFO: GET - api/v3/athlete/activities - x-ratelimit-limit: 200,2000 - x-ratelimit-usage: 3,5 - x-readratelimit-limit: 100,1000 - x-readratelimit-usage: 3,5 [] []
[2025-07-09T13:54:02.280247+00:00] strava-api.INFO: GET - api/v3/athlete/activities - x-ratelimit-limit: 200,2000 - x-ratelimit-usage: 4,6 - x-readratelimit-limit: 100,1000 - x-readratelimit-usage: 4,6 [] []
[2025-07-09T13:54:12.654620+00:00] strava-api.INFO: GET - api/v3/activities/15055400038 - x-ratelimit-limit: 200,2000 - x-ratelimit-usage: 5,7 - x-readratelimit-limit: 100,1000 - x-readratelimit-usage: 5,7 [] []
[2025-07-09T13:54:25.252281+00:00] strava-api.INFO: GET - api/v3/activities/15018188159 - x-ratelimit-limit: 200,2000 - x-ratelimit-usage: 6,8 - x-readratelimit-limit: 100,1000 - x-readratelimit-usage: 6,8 [] []
[2025-07-09T13:54:36.953732+00:00] strava-api.INFO: GET - api/v3/activities/14930470468 - x-ratelimit-limit: 200,2000 - x-ratelimit-usage: 7,9 - x-readratelimit-limit: 100,1000 - x-readratelimit-usage: 7,9 [] []
[2025-07-09T13:54:49.288310+00:00] strava-api.INFO: GET - api/v3/activities/14855146364 - x-ratelimit-limit: 200,2000 - x-ratelimit-usage: 8,10 - x-readratelimit-limit: 100,1000 - x-readratelimit-usage: 8,10 [] []
[2025-07-09T13:54:59.454203+00:00] strava-api.INFO: GET - api/v3/activities/14855146364/photos - x-ratelimit-limit: 200,2000 - x-ratelimit-usage: 9,11 - x-readratelimit-limit: 100,1000 - x-readratelimit-usage: 9,11 [] []
[2025-07-09T13:55:12.001118+00:00] strava-api.INFO: GET - api/v3/activities/14812955632 - x-ratelimit-limit: 200,2000 - x-ratelimit-usage: 10,12 - x-readratelimit-limit: 100,1000 - x-readratelimit-usage: 10,12 [] []
[2025-07-09T13:55:23.725093+00:00] strava-api.INFO: GET - api/v3/activities/14782198498 - x-ratelimit-limit: 200,2000 - x-ratelimit-usage: 11,13 - x-readratelimit-limit: 100,1000 - x-readratelimit-usage: 11,13 [] []
[2025-07-09T13:55:33.855197+00:00] strava-api.INFO: GET - api/v3/activities/14782198498/photos - x-ratelimit-limit: 200,2000 - x-ratelimit-usage: 12,14 - x-readratelimit-limit: 100,1000 - x-readratelimit-usage: 12,14 [] []
[2025-07-09T13:55:46.345821+00:00] strava-api.INFO: GET - api/v3/activities/14760168607 - x-ratelimit-limit: 200,2000 - x-ratelimit-usage: 13,15 - x-readratelimit-limit: 100,1000 - x-readratelimit-usage: 13,15 [] []
[2025-07-09T13:55:56.445695+00:00] strava-api.INFO: GET - api/v3/activities/14760168607/photos - x-ratelimit-limit: 200,2000 - x-ratelimit-usage: 14,16 - x-readratelimit-limit: 100,1000 - x-readratelimit-usage: 14,16 [] []
[2025-07-09T13:56:08.599753+00:00] strava-api.INFO: GET - api/v3/activities/14749844089 - x-ratelimit-limit: 200,2000 - x-ratelimit-usage: 15,17 - x-readratelimit-limit: 100,1000 - x-readratelimit-usage: 15,17 [] []
[2025-07-09T13:56:18.717491+00:00] strava-api.INFO: GET - api/v3/activities/14749844089/photos - x-ratelimit-limit: 200,2000 - x-ratelimit-usage: 16,18 - x-readratelimit-limit: 100,1000 - x-readratelimit-usage: 16,18 [] []
[2025-07-09T13:56:29.428948+00:00] strava-api.INFO: GET - api/v3/activities/14724560313 - x-ratelimit-limit: 200,2000 - x-ratelimit-usage: 17,19 - x-readratelimit-limit: 100,1000 - x-readratelimit-usage: 17,19 [] []
[2025-07-09T13:56:41.393755+00:00] strava-api.INFO: GET - api/v3/activities/14705285417 - x-ratelimit-limit: 200,2000 - x-ratelimit-usage: 18,20 - x-readratelimit-limit: 100,1000 - x-readratelimit-usage: 18,20 [] []
[2025-07-09T13:56:53.076078+00:00] strava-api.INFO: GET - api/v3/activities/14306839744 - x-ratelimit-limit: 200,2000 - x-ratelimit-usage: 19,21 - x-readratelimit-limit: 100,1000 - x-readratelimit-usage: 19,21 [] []
[2025-07-09T13:57:04.927218+00:00] strava-api.INFO: GET - api/v3/activities/14235874774 - x-ratelimit-limit: 200,2000 - x-ratelimit-usage: 20,22 - x-readratelimit-limit: 100,1000 - x-readratelimit-usage: 20,22 [] []
[2025-07-09T13:57:16.739971+00:00] strava-api.INFO: GET - api/v3/activities/14157922016 - x-ratelimit-limit: 200,2000 - x-ratelimit-usage: 21,23 - x-readratelimit-limit: 100,1000 - x-readratelimit-usage: 21,23 [] []
[2025-07-09T13:57:28.485274+00:00] strava-api.INFO: GET - api/v3/activities/14143060714 - x-ratelimit-limit: 200,2000 - x-ratelimit-usage: 22,24 - x-readratelimit-limit: 100,1000 - x-readratelimit-usage: 22,24 [] []
[2025-07-09T13:57:40.150123+00:00] strava-api.INFO: GET - api/v3/activities/14121321537 - x-ratelimit-limit: 200,2000 - x-ratelimit-usage: 23,25 - x-readratelimit-limit: 100,1000 - x-readratelimit-usage: 23,25 [] []
[2025-07-09T13:57:51.803530+00:00] strava-api.INFO: GET - api/v3/activities/14063848750 - x-ratelimit-limit: 200,2000 - x-ratelimit-usage: 24,26 - x-readratelimit-limit: 100,1000 - x-readratelimit-usage: 24,26 [] []
[2025-07-09T13:58:03.666199+00:00] strava-api.INFO: GET - api/v3/activities/13911547152 - x-ratelimit-limit: 200,2000 - x-ratelimit-usage: 25,27 - x-readratelimit-limit: 100,1000 - x-readratelimit-usage: 25,27 [] []
[2025-07-09T13:58:15.393971+00:00] strava-api.INFO: GET - api/v3/activities/13838738358 - x-ratelimit-limit: 200,2000 - x-ratelimit-usage: 26,28 - x-readratelimit-limit: 100,1000 - x-readratelimit-usage: 26,28 [] []
[2025-07-09T13:58:27.173042+00:00] strava-api.INFO: GET - api/v3/activities/13076107800 - x-ratelimit-limit: 200,2000 - x-ratelimit-usage: 27,29 - x-readratelimit-limit: 100,1000 - x-readratelimit-usage: 27,29 [] []
[2025-07-09T13:58:39.226334+00:00] strava-api.INFO: GET - api/v3/activities/13003087779 - x-ratelimit-limit: 200,2000 - x-ratelimit-usage: 28,30 - x-readratelimit-limit: 100,1000 - x-readratelimit-usage: 28,30 [] []
[2025-07-09T13:58:51.003614+00:00] strava-api.INFO: GET - api/v3/activities/12924831122 - x-ratelimit-limit: 200,2000 - x-ratelimit-usage: 29,31 - x-readratelimit-limit: 100,1000 - x-readratelimit-usage: 29,31 [] []
[2025-07-09T13:59:01.139369+00:00] strava-api.INFO: GET - api/v3/activities/12924831122/photos - x-ratelimit-limit: 200,2000 - x-ratelimit-usage: 30,32 - x-readratelimit-limit: 100,1000 - x-readratelimit-usage: 30,32 [] []
[2025-07-09T13:59:13.506312+00:00] strava-api.INFO: GET - api/v3/activities/12902336737 - x-ratelimit-limit: 200,2000 - x-ratelimit-usage: 31,33 - x-readratelimit-limit: 100,1000 - x-readratelimit-usage: 31,33 [] []
[2025-07-09T13:59:25.342036+00:00] strava-api.INFO: GET - api/v3/activities/12832625109 - x-ratelimit-limit: 200,2000 - x-ratelimit-usage: 32,34 - x-readratelimit-limit: 100,1000 - x-readratelimit-usage: 32,34 [] []
[2025-07-09T13:59:37.123789+00:00] strava-api.INFO: GET - api/v3/activities/12776862358 - x-ratelimit-limit: 200,2000 - x-ratelimit-usage: 33,35 - x-readratelimit-limit: 100,1000 - x-readratelimit-usage: 33,35 [] []
[2025-07-09T13:59:48.912199+00:00] strava-api.INFO: GET - api/v3/activities/12705421802 - x-ratelimit-limit: 200,2000 - x-ratelimit-usage: 34,36 - x-readratelimit-limit: 100,1000 - x-readratelimit-usage: 34,36 [] []
[2025-07-09T14:00:00.727920+00:00] strava-api.INFO: GET - api/v3/activities/12640456703 - x-ratelimit-limit: 200,2000 - x-ratelimit-usage: 1,37 - x-readratelimit-limit: 100,1000 - x-readratelimit-usage: 1,37 [] []
[2025-07-09T14:00:12.547980+00:00] strava-api.INFO: GET - api/v3/activities/12583961301 - x-ratelimit-limit: 200,2000 - x-ratelimit-usage: 2,38 - x-readratelimit-limit: 100,1000 - x-readratelimit-usage: 2,38 [] []
[2025-07-09T14:00:24.456243+00:00] strava-api.INFO: GET - api/v3/activities/12576756484 - x-ratelimit-limit: 200,2000 - x-ratelimit-usage: 3,39 - x-readratelimit-limit: 100,1000 - x-readratelimit-usage: 3,39 [] []
[2025-07-09T14:00:36.840258+00:00] strava-api.INFO: GET - api/v3/activities/12533502462 - x-ratelimit-limit: 200,2000 - x-ratelimit-usage: 4,40 - x-readratelimit-limit: 100,1000 - x-readratelimit-usage: 4,40 [] []
[2025-07-09T14:00:46.984372+00:00] strava-api.INFO: GET - api/v3/activities/12533502462/photos - x-ratelimit-limit: 200,2000 - x-ratelimit-usage: 5,41 - x-readratelimit-limit: 100,1000 - x-readratelimit-usage: 5,41 [] []
[2025-07-09T14:00:59.417881+00:00] strava-api.INFO: GET - api/v3/activities/12531349759 - x-ratelimit-limit: 200,2000 - x-ratelimit-usage: 6,42 - x-readratelimit-limit: 100,1000 - x-readratelimit-usage: 6,42 [] []
[2025-07-09T14:01:11.270236+00:00] strava-api.INFO: GET - api/v3/activities/12487374798 - x-ratelimit-limit: 200,2000 - x-ratelimit-usage: 7,43 - x-readratelimit-limit: 100,1000 - x-readratelimit-usage: 7,43 [] []
[2025-07-09T14:01:23.084868+00:00] strava-api.INFO: GET - api/v3/activities/12410022758 - x-ratelimit-limit: 200,2000 - x-ratelimit-usage: 8,44 - x-readratelimit-limit: 100,1000 - x-readratelimit-usage: 8,44 [] []
[2025-07-09T14:01:35.042835+00:00] strava-api.INFO: GET - api/v3/activities/12353307825 - x-ratelimit-limit: 200,2000 - x-ratelimit-usage: 9,45 - x-readratelimit-limit: 100,1000 - x-readratelimit-usage: 9,45 [] []
[2025-07-09T14:01:45.178098+00:00] strava-api.INFO: GET - api/v3/activities/12353307825/photos - x-ratelimit-limit: 200,2000 - x-ratelimit-usage: 10,46 - x-readratelimit-limit: 100,1000 - x-readratelimit-usage: 10,46 [] []
[2025-07-09T14:02:03.881021+00:00] strava-api.INFO: GET - api/v3/activities/12289357869 - x-ratelimit-limit: 200,2000 - x-ratelimit-usage: 11,47 - x-readratelimit-limit: 100,1000 - x-readratelimit-usage: 11,47 [] []
[2025-07-09T14:02:17.260654+00:00] strava-api.INFO: GET - api/v3/activities/12217078088 - x-ratelimit-limit: 200,2000 - x-ratelimit-usage: 12,48 - x-readratelimit-limit: 100,1000 - x-readratelimit-usage: 12,48 [] []
[2025-07-09T14:02:29.466694+00:00] strava-api.INFO: GET - api/v3/activities/12171418545 - x-ratelimit-limit: 200,2000 - x-ratelimit-usage: 13,49 - x-readratelimit-limit: 100,1000 - x-readratelimit-usage: 13,49 [] []
[2025-07-09T14:02:41.629609+00:00] strava-api.INFO: GET - api/v3/activities/12149347551 - x-ratelimit-limit: 200,2000 - x-ratelimit-usage: 14,50 - x-readratelimit-limit: 100,1000 - x-readratelimit-usage: 14,50 [] []
[2025-07-09T14:02:51.725092+00:00] strava-api.INFO: GET - api/v3/activities/12149347551/photos - x-ratelimit-limit: 200,2000 - x-ratelimit-usage: 15,51 - x-readratelimit-limit: 100,1000 - x-readratelimit-usage: 15,51 [] []
[2025-07-09T14:03:04.190257+00:00] strava-api.INFO: GET - api/v3/activities/12112870414 - x-ratelimit-limit: 200,2000 - x-ratelimit-usage: 16,52 - x-readratelimit-limit: 100,1000 - x-readratelimit-usage: 16,52 [] []
[2025-07-09T14:03:16.063089+00:00] strava-api.INFO: GET - api/v3/activities/11923517787 - x-ratelimit-limit: 200,2000 - x-ratelimit-usage: 17,53 - x-readratelimit-limit: 100,1000 - x-readratelimit-usage: 17,53 [] []
[2025-07-09T14:03:28.088403+00:00] strava-api.INFO: GET - api/v3/activities/11849650432 - x-ratelimit-limit: 200,2000 - x-ratelimit-usage: 18,54 - x-readratelimit-limit: 100,1000 - x-readratelimit-usage: 18,54 [] []
[2025-07-09T14:03:38.199721+00:00] strava-api.INFO: GET - api/v3/activities/11849650432/photos - x-ratelimit-limit: 200,2000 - x-ratelimit-usage: 19,55 - x-readratelimit-limit: 100,1000 - x-readratelimit-usage: 19,55 [] []
[2025-07-09T14:03:50.642267+00:00] strava-api.INFO: GET - api/v3/activities/11813631869 - x-ratelimit-limit: 200,2000 - x-ratelimit-usage: 20,56 - x-readratelimit-limit: 100,1000 - x-readratelimit-usage: 20,56 [] []
[2025-07-09T14:04:04.025908+00:00] strava-api.INFO: GET - api/v3/activities/11677887695 - x-ratelimit-limit: 200,2000 - x-ratelimit-usage: 21,57 - x-readratelimit-limit: 100,1000 - x-readratelimit-usage: 21,57 [] []
[2025-07-09T14:04:16.956296+00:00] strava-api.INFO: GET - api/v3/activities/11651845993 - x-ratelimit-limit: 200,2000 - x-ratelimit-usage: 22,58 - x-readratelimit-limit: 100,1000 - x-readratelimit-usage: 22,58 [] []
[2025-07-09T14:04:28.919844+00:00] strava-api.INFO: GET - api/v3/activities/11647518061 - x-ratelimit-limit: 200,2000 - x-ratelimit-usage: 23,59 - x-readratelimit-limit: 100,1000 - x-readratelimit-usage: 23,59 [] []
[2025-07-09T14:04:41.708817+00:00] strava-api.INFO: GET - api/v3/activities/11646179041 - x-ratelimit-limit: 200,2000 - x-ratelimit-usage: 24,60 - x-readratelimit-limit: 100,1000 - x-readratelimit-usage: 24,60 [] []
[2025-07-09T14:04:53.735731+00:00] strava-api.INFO: GET - api/v3/activities/11615392067 - x-ratelimit-limit: 200,2000 - x-ratelimit-usage: 25,61 - x-readratelimit-limit: 100,1000 - x-readratelimit-usage: 25,61 [] []
[2025-07-09T14:05:05.689528+00:00] strava-api.INFO: GET - api/v3/activities/11605041774 - x-ratelimit-limit: 200,2000 - x-ratelimit-usage: 26,62 - x-readratelimit-limit: 100,1000 - x-readratelimit-usage: 26,62 [] []
[2025-07-09T14:05:17.631214+00:00] strava-api.INFO: GET - api/v3/activities/11598664287 - x-ratelimit-limit: 200,2000 - x-ratelimit-usage: 27,63 - x-readratelimit-limit: 100,1000 - x-readratelimit-usage: 27,63 [] []
[2025-07-09T14:05:29.499733+00:00] strava-api.INFO: GET - api/v3/activities/11528462845 - x-ratelimit-limit: 200,2000 - x-ratelimit-usage: 28,64 - x-readratelimit-limit: 100,1000 - x-readratelimit-usage: 28,64 [] []
[2025-07-09T14:05:41.272996+00:00] strava-api.INFO: GET - api/v3/activities/11466882689 - x-ratelimit-limit: 200,2000 - x-ratelimit-usage: 29,65 - x-readratelimit-limit: 100,1000 - x-readratelimit-usage: 29,65 [] []
[2025-07-09T14:05:53.062402+00:00] strava-api.INFO: GET - api/v3/activities/11420229109 - x-ratelimit-limit: 200,2000 - x-ratelimit-usage: 30,66 - x-readratelimit-limit: 100,1000 - x-readratelimit-usage: 30,66 [] []
[2025-07-09T14:06:04.890731+00:00] strava-api.INFO: GET - api/v3/activities/11330285901 - x-ratelimit-limit: 200,2000 - x-ratelimit-usage: 31,67 - x-readratelimit-limit: 100,1000 - x-readratelimit-usage: 31,67 [] []
[2025-07-09T14:06:16.813138+00:00] strava-api.INFO: GET - api/v3/activities/11271177625 - x-ratelimit-limit: 200,2000 - x-ratelimit-usage: 32,68 - x-readratelimit-limit: 100,1000 - x-readratelimit-usage: 32,68 [] []
[2025-07-09T14:06:28.710069+00:00] strava-api.INFO: GET - api/v3/activities/11208987379 - x-ratelimit-limit: 200,2000 - x-ratelimit-usage: 33,69 - x-readratelimit-limit: 100,1000 - x-readratelimit-usage: 33,69 [] []
[2025-07-09T14:06:40.567452+00:00] strava-api.INFO: GET - api/v3/activities/11153167411 - x-ratelimit-limit: 200,2000 - x-ratelimit-usage: 34,70 - x-readratelimit-limit: 100,1000 - x-readratelimit-usage: 34,70 [] []
[2025-07-09T14:06:52.430946+00:00] strava-api.INFO: GET - api/v3/activities/11122158575 - x-ratelimit-limit: 200,2000 - x-ratelimit-usage: 35,71 - x-readratelimit-limit: 100,1000 - x-readratelimit-usage: 35,71 [] []
[2025-07-09T14:07:04.200800+00:00] strava-api.INFO: GET - api/v3/activities/11058170329 - x-ratelimit-limit: 200,2000 - x-ratelimit-usage: 36,72 - x-readratelimit-limit: 100,1000 - x-readratelimit-usage: 36,72 [] []
[2025-07-09T14:07:16.078526+00:00] strava-api.INFO: GET - api/v3/activities/10891397607 - x-ratelimit-limit: 200,2000 - x-ratelimit-usage: 37,73 - x-readratelimit-limit: 100,1000 - x-readratelimit-usage: 37,73 [] []
[2025-07-09T14:07:27.927945+00:00] strava-api.INFO: GET - api/v3/activities/10426048522 - x-ratelimit-limit: 200,2000 - x-ratelimit-usage: 38,74 - x-readratelimit-limit: 100,1000 - x-readratelimit-usage: 38,74 [] []
[2025-07-09T14:07:38.025153+00:00] strava-api.INFO: GET - api/v3/activities/10426048522/photos - x-ratelimit-limit: 200,2000 - x-ratelimit-usage: 39,75 - x-readratelimit-limit: 100,1000 - x-readratelimit-usage: 39,75 [] []
[2025-07-09T14:07:50.618638+00:00] strava-api.INFO: GET - api/v3/activities/9739745786 - x-ratelimit-limit: 200,2000 - x-ratelimit-usage: 40,76 - x-readratelimit-limit: 100,1000 - x-readratelimit-usage: 40,76 [] []
[2025-07-09T14:08:02.556916+00:00] strava-api.INFO: GET - api/v3/activities/9655596785 - x-ratelimit-limit: 200,2000 - x-ratelimit-usage: 41,77 - x-readratelimit-limit: 100,1000 - x-readratelimit-usage: 41,77 [] []
[2025-07-09T14:08:14.385239+00:00] strava-api.INFO: GET - api/v3/activities/9578015605 - x-ratelimit-limit: 200,2000 - x-ratelimit-usage: 42,78 - x-readratelimit-limit: 100,1000 - x-readratelimit-usage: 42,78 [] []
[2025-07-09T14:08:26.309055+00:00] strava-api.INFO: GET - api/v3/activities/9528689032 - x-ratelimit-limit: 200,2000 - x-ratelimit-usage: 43,79 - x-readratelimit-limit: 100,1000 - x-readratelimit-usage: 43,79 [] []
[2025-07-09T14:08:38.204136+00:00] strava-api.INFO: GET - api/v3/activities/9458231527 - x-ratelimit-limit: 200,2000 - x-ratelimit-usage: 44,80 - x-readratelimit-limit: 100,1000 - x-readratelimit-usage: 44,80 [] []
[2025-07-09T14:08:50.071173+00:00] strava-api.INFO: GET - api/v3/activities/9402783735 - x-ratelimit-limit: 200,2000 - x-ratelimit-usage: 45,81 - x-readratelimit-limit: 100,1000 - x-readratelimit-usage: 45,81 [] []
[2025-07-09T14:09:00.252244+00:00] strava-api.INFO: GET - api/v3/activities/9402783735/photos - x-ratelimit-limit: 200,2000 - x-ratelimit-usage: 46,82 - x-readratelimit-limit: 100,1000 - x-readratelimit-usage: 46,82 [] []
[2025-07-09T14:09:12.569077+00:00] strava-api.INFO: GET - api/v3/activities/9310396076 - x-ratelimit-limit: 200,2000 - x-ratelimit-usage: 47,83 - x-readratelimit-limit: 100,1000 - x-readratelimit-usage: 47,83 [] []
[2025-07-09T14:09:25.252878+00:00] strava-api.INFO: GET - api/v3/activities/9285160422 - x-ratelimit-limit: 200,2000 - x-ratelimit-usage: 48,84 - x-readratelimit-limit: 100,1000 - x-readratelimit-usage: 48,84 [] []
[2025-07-09T14:09:37.087092+00:00] strava-api.INFO: GET - api/v3/activities/8698336923 - x-ratelimit-limit: 200,2000 - x-ratelimit-usage: 49,85 - x-readratelimit-limit: 100,1000 - x-readratelimit-usage: 49,85 [] []
[2025-07-09T14:09:48.799656+00:00] strava-api.INFO: GET - api/v3/activities/8686653972 - x-ratelimit-limit: 200,2000 - x-ratelimit-usage: 50,86 - x-readratelimit-limit: 100,1000 - x-readratelimit-usage: 50,86 [] []
[2025-07-09T14:10:00.706557+00:00] strava-api.INFO: GET - api/v3/activities/8628462041 - x-ratelimit-limit: 200,2000 - x-ratelimit-usage: 51,87 - x-readratelimit-limit: 100,1000 - x-readratelimit-usage: 51,87 [] []
[2025-07-09T14:10:12.462415+00:00] strava-api.INFO: GET - api/v3/activities/8553688268 - x-ratelimit-limit: 200,2000 - x-ratelimit-usage: 52,88 - x-readratelimit-limit: 100,1000 - x-readratelimit-usage: 52,88 [] []
[2025-07-09T14:10:24.265620+00:00] strava-api.INFO: GET - api/v3/activities/8430192184 - x-ratelimit-limit: 200,2000 - x-ratelimit-usage: 53,89 - x-readratelimit-limit: 100,1000 - x-readratelimit-usage: 53,89 [] []
[2025-07-09T14:10:36.115106+00:00] strava-api.INFO: GET - api/v3/activities/8419462379 - x-ratelimit-limit: 200,2000 - x-ratelimit-usage: 54,90 - x-readratelimit-limit: 100,1000 - x-readratelimit-usage: 54,90 [] []
[2025-07-09T14:10:47.910263+00:00] strava-api.INFO: GET - api/v3/activities/8408779377 - x-ratelimit-limit: 200,2000 - x-ratelimit-usage: 55,91 - x-readratelimit-limit: 100,1000 - x-readratelimit-usage: 55,91 [] []
[2025-07-09T14:10:59.670772+00:00] strava-api.INFO: GET - api/v3/activities/8387228809 - x-ratelimit-limit: 200,2000 - x-ratelimit-usage: 56,92 - x-readratelimit-limit: 100,1000 - x-readratelimit-usage: 56,92 [] []
[2025-07-09T14:11:11.323874+00:00] strava-api.INFO: GET - api/v3/activities/8377124406 - x-ratelimit-limit: 200,2000 - x-ratelimit-usage: 57,93 - x-readratelimit-limit: 100,1000 - x-readratelimit-usage: 57,93 [] []
[2025-07-09T14:11:23.013262+00:00] strava-api.INFO: GET - api/v3/activities/8371243985 - x-ratelimit-limit: 200,2000 - x-ratelimit-usage: 58,94 - x-readratelimit-limit: 100,1000 - x-readratelimit-usage: 58,94 [] []
[2025-07-09T14:11:35.205133+00:00] strava-api.INFO: GET - api/v3/activities/8162457331 - x-ratelimit-limit: 200,2000 - x-ratelimit-usage: 59,95 - x-readratelimit-limit: 100,1000 - x-readratelimit-usage: 59,95 [] []
[2025-07-09T14:11:47.438989+00:00] strava-api.INFO: GET - api/v3/activities/8127318957 - x-ratelimit-limit: 200,2000 - x-ratelimit-usage: 60,96 - x-readratelimit-limit: 100,1000 - x-readratelimit-usage: 60,96 [] []
[2025-07-09T14:11:59.602471+00:00] strava-api.INFO: GET - api/v3/activities/8024466042 - x-ratelimit-limit: 200,2000 - x-ratelimit-usage: 61,97 - x-readratelimit-limit: 100,1000 - x-readratelimit-usage: 61,97 [] []
[2025-07-09T14:12:11.475510+00:00] strava-api.INFO: GET - api/v3/activities/7639290795 - x-ratelimit-limit: 200,2000 - x-ratelimit-usage: 62,98 - x-readratelimit-limit: 100,1000 - x-readratelimit-usage: 62,98 [] []
[2025-07-09T14:12:24.180538+00:00] strava-api.INFO: GET - api/v3/activities/7638101831 - x-ratelimit-limit: 200,2000 - x-ratelimit-usage: 63,99 - x-readratelimit-limit: 100,1000 - x-readratelimit-usage: 63,99 [] []
[2025-07-09T14:12:34.301391+00:00] strava-api.INFO: GET - api/v3/activities/7638101831/photos - x-ratelimit-limit: 200,2000 - x-ratelimit-usage: 64,100 - x-readratelimit-limit: 100,1000 - x-readratelimit-usage: 64,100 [] []
[2025-07-09T14:12:46.534861+00:00] strava-api.INFO: GET - api/v3/activities/7433011355 - x-ratelimit-limit: 200,2000 - x-ratelimit-usage: 65,101 - x-readratelimit-limit: 100,1000 - x-readratelimit-usage: 65,101 [] []
[2025-07-09T14:12:56.641155+00:00] strava-api.INFO: GET - api/v3/activities/7433011355/photos - x-ratelimit-limit: 200,2000 - x-ratelimit-usage: 66,102 - x-readratelimit-limit: 100,1000 - x-readratelimit-usage: 66,102 [] []
[2025-07-09T14:13:09.052736+00:00] strava-api.INFO: GET - api/v3/activities/7326205700 - x-ratelimit-limit: 200,2000 - x-ratelimit-usage: 67,103 - x-readratelimit-limit: 100,1000 - x-readratelimit-usage: 67,103 [] []
[2025-07-09T14:13:19.157484+00:00] strava-api.INFO: GET - api/v3/activities/7326205700/photos - x-ratelimit-limit: 200,2000 - x-ratelimit-usage: 68,104 - x-readratelimit-limit: 100,1000 - x-readratelimit-usage: 68,104 [] []
[2025-07-09T14:13:31.221213+00:00] strava-api.INFO: GET - api/v3/activities/7283283660 - x-ratelimit-limit: 200,2000 - x-ratelimit-usage: 69,105 - x-readratelimit-limit: 100,1000 - x-readratelimit-usage: 69,105 [] []
[2025-07-09T14:13:41.309593+00:00] strava-api.INFO: GET - api/v3/activities/7283283660/photos - x-ratelimit-limit: 200,2000 - x-ratelimit-usage: 70,106 - x-readratelimit-limit: 100,1000 - x-readratelimit-usage: 70,106 [] []
[2025-07-09T14:13:53.249274+00:00] strava-api.INFO: GET - api/v3/activities/7159810284 - x-ratelimit-limit: 200,2000 - x-ratelimit-usage: 71,107 - x-readratelimit-limit: 100,1000 - x-readratelimit-usage: 71,107 [] []
[2025-07-09T14:14:05.216659+00:00] strava-api.INFO: GET - api/v3/activities/7143987676 - x-ratelimit-limit: 200,2000 - x-ratelimit-usage: 72,108 - x-readratelimit-limit: 100,1000 - x-readratelimit-usage: 72,108 [] []
[2025-07-09T14:14:15.322551+00:00] strava-api.INFO: GET - api/v3/activities/7143987676/photos - x-ratelimit-limit: 200,2000 - x-ratelimit-usage: 73,109 - x-readratelimit-limit: 100,1000 - x-readratelimit-usage: 73,109 [] []
[2025-07-09T14:14:27.429145+00:00] strava-api.INFO: GET - api/v3/activities/6366914357 - x-ratelimit-limit: 200,2000 - x-ratelimit-usage: 74,110 - x-readratelimit-limit: 100,1000 - x-readratelimit-usage: 74,110 [] []
[2025-07-09T14:14:39.514514+00:00] strava-api.INFO: GET - api/v3/activities/6162496336 - x-ratelimit-limit: 200,2000 - x-ratelimit-usage: 75,111 - x-readratelimit-limit: 100,1000 - x-readratelimit-usage: 75,111 [] []
[2025-07-09T14:14:49.629559+00:00] strava-api.INFO: GET - api/v3/activities/6162496336/photos - x-ratelimit-limit: 200,2000 - x-ratelimit-usage: 76,112 - x-readratelimit-limit: 100,1000 - x-readratelimit-usage: 76,112 [] []
[2025-07-09T14:15:02.721805+00:00] strava-api.INFO: GET - api/v3/activities/5874789976 - x-ratelimit-limit: 200,2000 - x-ratelimit-usage: 1,113 - x-readratelimit-limit: 100,1000 - x-readratelimit-usage: 1,113 [] []
[2025-07-09T14:15:14.913007+00:00] strava-api.INFO: GET - api/v3/activities/5808544955 - x-ratelimit-limit: 200,2000 - x-ratelimit-usage: 2,114 - x-readratelimit-limit: 100,1000 - x-readratelimit-usage: 2,114 [] []
[2025-07-09T14:15:27.117367+00:00] strava-api.INFO: GET - api/v3/activities/5807019449 - x-ratelimit-limit: 200,2000 - x-ratelimit-usage: 3,115 - x-readratelimit-limit: 100,1000 - x-readratelimit-usage: 3,115 [] []
[2025-07-09T14:15:38.987827+00:00] strava-api.INFO: GET - api/v3/activities/5754016272 - x-ratelimit-limit: 200,2000 - x-ratelimit-usage: 4,116 - x-readratelimit-limit: 100,1000 - x-readratelimit-usage: 4,116 [] []
[2025-07-09T14:15:51.157176+00:00] strava-api.INFO: GET - api/v3/activities/5726646009 - x-ratelimit-limit: 200,2000 - x-ratelimit-usage: 5,117 - x-readratelimit-limit: 100,1000 - x-readratelimit-usage: 5,117 [] []
[2025-07-09T14:16:03.137881+00:00] strava-api.INFO: GET - api/v3/activities/5504084806 - x-ratelimit-limit: 200,2000 - x-ratelimit-usage: 6,118 - x-readratelimit-limit: 100,1000 - x-readratelimit-usage: 6,118 [] []
[2025-07-09T14:16:15.241990+00:00] strava-api.INFO: GET - api/v3/activities/5466255623 - x-ratelimit-limit: 200,2000 - x-ratelimit-usage: 7,119 - x-readratelimit-limit: 100,1000 - x-readratelimit-usage: 7,119 [] []
[2025-07-09T14:16:27.069345+00:00] strava-api.INFO: GET - api/v3/activities/5459916338 - x-ratelimit-limit: 200,2000 - x-ratelimit-usage: 8,120 - x-readratelimit-limit: 100,1000 - x-readratelimit-usage: 8,120 [] []
[2025-07-09T14:16:38.799311+00:00] strava-api.INFO: GET - api/v3/activities/5215274282 - x-ratelimit-limit: 200,2000 - x-ratelimit-usage: 9,121 - x-readratelimit-limit: 100,1000 - x-readratelimit-usage: 9,121 [] []
[2025-07-09T14:16:50.712160+00:00] strava-api.INFO: GET - api/v3/activities/4868603018 - x-ratelimit-limit: 200,2000 - x-ratelimit-usage: 10,122 - x-readratelimit-limit: 100,1000 - x-readratelimit-usage: 10,122 [] []
[2025-07-09T14:17:02.482273+00:00] strava-api.INFO: GET - api/v3/activities/4593889768 - x-ratelimit-limit: 200,2000 - x-ratelimit-usage: 11,123 - x-readratelimit-limit: 100,1000 - x-readratelimit-usage: 11,123 [] []
[2025-07-09T14:17:14.548232+00:00] strava-api.INFO: GET - api/v3/activities/4400127232 - x-ratelimit-limit: 200,2000 - x-ratelimit-usage: 12,124 - x-readratelimit-limit: 100,1000 - x-readratelimit-usage: 12,124 [] []
[2025-07-09T14:17:26.311607+00:00] strava-api.INFO: GET - api/v3/activities/4377821717 - x-ratelimit-limit: 200,2000 - x-ratelimit-usage: 13,125 - x-readratelimit-limit: 100,1000 - x-readratelimit-usage: 13,125 [] []
[2025-07-09T14:17:38.594117+00:00] strava-api.INFO: GET - api/v3/activities/4333411322 - x-ratelimit-limit: 200,2000 - x-ratelimit-usage: 14,126 - x-readratelimit-limit: 100,1000 - x-readratelimit-usage: 14,126 [] []
[2025-07-09T14:17:48.703430+00:00] strava-api.INFO: GET - api/v3/activities/4333411322/photos - x-ratelimit-limit: 200,2000 - x-ratelimit-usage: 15,127 - x-readratelimit-limit: 100,1000 - x-readratelimit-usage: 15,127 [] []
[2025-07-09T14:18:01.300403+00:00] strava-api.INFO: GET - api/v3/activities/4291843015 - x-ratelimit-limit: 200,2000 - x-ratelimit-usage: 16,128 - x-readratelimit-limit: 100,1000 - x-readratelimit-usage: 16,128 [] []
[2025-07-09T14:18:13.612714+00:00] strava-api.INFO: GET - api/v3/activities/4208386279 - x-ratelimit-limit: 200,2000 - x-ratelimit-usage: 17,129 - x-readratelimit-limit: 100,1000 - x-readratelimit-usage: 17,129 [] []
[2025-07-09T14:18:23.714943+00:00] strava-api.INFO: GET - api/v3/activities/4208386279/photos - x-ratelimit-limit: 200,2000 - x-ratelimit-usage: 18,130 - x-readratelimit-limit: 100,1000 - x-readratelimit-usage: 18,130 [] []
[2025-07-09T14:18:36.548461+00:00] strava-api.INFO: GET - api/v3/activities/4039443041 - x-ratelimit-limit: 200,2000 - x-ratelimit-usage: 19,131 - x-readratelimit-limit: 100,1000 - x-readratelimit-usage: 19,131 [] []
[2025-07-09T14:18:48.352807+00:00] strava-api.INFO: GET - api/v3/activities/3873609676 - x-ratelimit-limit: 200,2000 - x-ratelimit-usage: 20,132 - x-readratelimit-limit: 100,1000 - x-readratelimit-usage: 20,132 [] []
[2025-07-09T14:19:00.249514+00:00] strava-api.INFO: GET - api/v3/activities/3866239524 - x-ratelimit-limit: 200,2000 - x-ratelimit-usage: 21,133 - x-readratelimit-limit: 100,1000 - x-readratelimit-usage: 21,133 [] []
[2025-07-09T14:19:12.116553+00:00] strava-api.INFO: GET - api/v3/activities/3809735597 - x-ratelimit-limit: 200,2000 - x-ratelimit-usage: 22,134 - x-readratelimit-limit: 100,1000 - x-readratelimit-usage: 22,134 [] []
[2025-07-09T14:19:24.045230+00:00] strava-api.INFO: GET - api/v3/activities/3720273351 - x-ratelimit-limit: 200,2000 - x-ratelimit-usage: 23,135 - x-readratelimit-limit: 100,1000 - x-readratelimit-usage: 23,135 [] []
[2025-07-09T14:19:35.973495+00:00] strava-api.INFO: GET - api/v3/activities/3656718262 - x-ratelimit-limit: 200,2000 - x-ratelimit-usage: 24,136 - x-readratelimit-limit: 100,1000 - x-readratelimit-usage: 24,136 [] []
[2025-07-09T14:19:54.305621+00:00] strava-api.INFO: GET - api/v3/activities/15055400038/streams - x-ratelimit-limit: 200,2000 - x-ratelimit-usage: 25,137 - x-readratelimit-limit: 100,1000 - x-readratelimit-usage: 25,137 [] []
[2025-07-09T14:20:04.626788+00:00] strava-api.INFO: GET - api/v3/activities/15018188159/streams - x-ratelimit-limit: 200,2000 - x-ratelimit-usage: 26,138 - x-readratelimit-limit: 100,1000 - x-readratelimit-usage: 26,138 [] []
[2025-07-09T14:20:14.960352+00:00] strava-api.INFO: GET - api/v3/activities/14930470468/streams - x-ratelimit-limit: 200,2000 - x-ratelimit-usage: 27,139 - x-readratelimit-limit: 100,1000 - x-readratelimit-usage: 27,139 [] []
[2025-07-09T14:20:25.375769+00:00] strava-api.INFO: GET - api/v3/activities/14855146364/streams - x-ratelimit-limit: 200,2000 - x-ratelimit-usage: 28,140 - x-readratelimit-limit: 100,1000 - x-readratelimit-usage: 28,140 [] []
[2025-07-09T14:20:36.006914+00:00] strava-api.INFO: GET - api/v3/activities/14812955632/streams - x-ratelimit-limit: 200,2000 - x-ratelimit-usage: 29,141 - x-readratelimit-limit: 100,1000 - x-readratelimit-usage: 29,141 [] []
[2025-07-09T14:20:46.476055+00:00] strava-api.INFO: GET - api/v3/activities/14782198498/streams - x-ratelimit-limit: 200,2000 - x-ratelimit-usage: 30,142 - x-readratelimit-limit: 100,1000 - x-readratelimit-usage: 30,142 [] []
[2025-07-09T14:20:56.735960+00:00] strava-api.INFO: GET - api/v3/activities/14760168607/streams - x-ratelimit-limit: 200,2000 - x-ratelimit-usage: 31,143 - x-readratelimit-limit: 100,1000 - x-readratelimit-usage: 31,143 [] []
[2025-07-09T14:21:17.176173+00:00] strava-api.INFO: GET - api/v3/activities/14724560313/streams - x-ratelimit-limit: 200,2000 - x-ratelimit-usage: 33,145 - x-readratelimit-limit: 100,1000 - x-readratelimit-usage: 33,145 [] []
[2025-07-09T14:21:27.445809+00:00] strava-api.INFO: GET - api/v3/activities/14705285417/streams - x-ratelimit-limit: 200,2000 - x-ratelimit-usage: 34,146 - x-readratelimit-limit: 100,1000 - x-readratelimit-usage: 34,146 [] []
[2025-07-09T14:21:37.721421+00:00] strava-api.INFO: GET - api/v3/activities/14306839744/streams - x-ratelimit-limit: 200,2000 - x-ratelimit-usage: 35,147 - x-readratelimit-limit: 100,1000 - x-readratelimit-usage: 35,147 [] []
[2025-07-09T14:21:48.036071+00:00] strava-api.INFO: GET - api/v3/activities/14235874774/streams - x-ratelimit-limit: 200,2000 - x-ratelimit-usage: 36,148 - x-readratelimit-limit: 100,1000 - x-readratelimit-usage: 36,148 [] []
[2025-07-09T14:21:58.305236+00:00] strava-api.INFO: GET - api/v3/activities/14157922016/streams - x-ratelimit-limit: 200,2000 - x-ratelimit-usage: 37,149 - x-readratelimit-limit: 100,1000 - x-readratelimit-usage: 37,149 [] []
[2025-07-09T14:22:08.617809+00:00] strava-api.INFO: GET - api/v3/activities/14143060714/streams - x-ratelimit-limit: 200,2000 - x-ratelimit-usage: 38,150 - x-readratelimit-limit: 100,1000 - x-readratelimit-usage: 38,150 [] []
[2025-07-09T14:22:18.853285+00:00] strava-api.INFO: GET - api/v3/activities/14121321537/streams - x-ratelimit-limit: 200,2000 - x-ratelimit-usage: 39,151 - x-readratelimit-limit: 100,1000 - x-readratelimit-usage: 39,151 [] []
[2025-07-09T14:22:29.118664+00:00] strava-api.INFO: GET - api/v3/activities/14063848750/streams - x-ratelimit-limit: 200,2000 - x-ratelimit-usage: 40,152 - x-readratelimit-limit: 100,1000 - x-readratelimit-usage: 40,152 [] []
[2025-07-09T14:22:39.368460+00:00] strava-api.INFO: GET - api/v3/activities/13911547152/streams - x-ratelimit-limit: 200,2000 - x-ratelimit-usage: 41,153 - x-readratelimit-limit: 100,1000 - x-readratelimit-usage: 41,153 [] []
[2025-07-09T14:22:49.594165+00:00] strava-api.INFO: GET - api/v3/activities/13838738358/streams - x-ratelimit-limit: 200,2000 - x-ratelimit-usage: 42,154 - x-readratelimit-limit: 100,1000 - x-readratelimit-usage: 42,154 [] []
[2025-07-09T14:22:59.985709+00:00] strava-api.INFO: GET - api/v3/activities/13076107800/streams - x-ratelimit-limit: 200,2000 - x-ratelimit-usage: 43,155 - x-readratelimit-limit: 100,1000 - x-readratelimit-usage: 43,155 [] []
[2025-07-09T14:23:10.426927+00:00] strava-api.INFO: GET - api/v3/activities/13003087779/streams - x-ratelimit-limit: 200,2000 - x-ratelimit-usage: 44,156 - x-readratelimit-limit: 100,1000 - x-readratelimit-usage: 44,156 [] []
[2025-07-09T14:23:20.628283+00:00] strava-api.INFO: GET - api/v3/activities/12924831122/streams - x-ratelimit-limit: 200,2000 - x-ratelimit-usage: 45,157 - x-readratelimit-limit: 100,1000 - x-readratelimit-usage: 45,157 [] []
[2025-07-09T14:23:30.945174+00:00] strava-api.INFO: GET - api/v3/activities/12902336737/streams - x-ratelimit-limit: 200,2000 - x-ratelimit-usage: 46,158 - x-readratelimit-limit: 100,1000 - x-readratelimit-usage: 46,158 [] []
[2025-07-09T14:23:41.336373+00:00] strava-api.INFO: GET - api/v3/activities/12832625109/streams - x-ratelimit-limit: 200,2000 - x-ratelimit-usage: 47,159 - x-readratelimit-limit: 100,1000 - x-readratelimit-usage: 47,159 [] []
[2025-07-09T14:23:51.671639+00:00] strava-api.INFO: GET - api/v3/activities/12776862358/streams - x-ratelimit-limit: 200,2000 - x-ratelimit-usage: 48,160 - x-readratelimit-limit: 100,1000 - x-readratelimit-usage: 48,160 [] []
[2025-07-09T14:24:01.879017+00:00] strava-api.INFO: GET - api/v3/activities/12705421802/streams - x-ratelimit-limit: 200,2000 - x-ratelimit-usage: 49,161 - x-readratelimit-limit: 100,1000 - x-readratelimit-usage: 49,161 [] []
[2025-07-09T14:24:12.111498+00:00] strava-api.INFO: GET - api/v3/activities/12640456703/streams - x-ratelimit-limit: 200,2000 - x-ratelimit-usage: 50,162 - x-readratelimit-limit: 100,1000 - x-readratelimit-usage: 50,162 [] []
[2025-07-09T14:24:22.658593+00:00] strava-api.INFO: GET - api/v3/activities/12583961301/streams - x-ratelimit-limit: 200,2000 - x-ratelimit-usage: 51,163 - x-readratelimit-limit: 100,1000 - x-readratelimit-usage: 51,163 [] []
[2025-07-09T14:24:32.906093+00:00] strava-api.INFO: GET - api/v3/activities/12576756484/streams - x-ratelimit-limit: 200,2000 - x-ratelimit-usage: 52,164 - x-readratelimit-limit: 100,1000 - x-readratelimit-usage: 52,164 [] []
[2025-07-09T14:24:43.625680+00:00] strava-api.INFO: GET - api/v3/activities/12533502462/streams - x-ratelimit-limit: 200,2000 - x-ratelimit-usage: 53,165 - x-readratelimit-limit: 100,1000 - x-readratelimit-usage: 53,165 [] []
[2025-07-09T14:24:54.116083+00:00] strava-api.INFO: GET - api/v3/activities/12531349759/streams - x-ratelimit-limit: 200,2000 - x-ratelimit-usage: 54,166 - x-readratelimit-limit: 100,1000 - x-readratelimit-usage: 54,166 [] []
[2025-07-09T14:25:04.353228+00:00] strava-api.INFO: GET - api/v3/activities/12487374798/streams - x-ratelimit-limit: 200,2000 - x-ratelimit-usage: 55,167 - x-readratelimit-limit: 100,1000 - x-readratelimit-usage: 55,167 [] []
[2025-07-09T14:25:14.652896+00:00] strava-api.INFO: GET - api/v3/activities/12410022758/streams - x-ratelimit-limit: 200,2000 - x-ratelimit-usage: 56,168 - x-readratelimit-limit: 100,1000 - x-readratelimit-usage: 56,168 [] []
[2025-07-09T14:25:25.141549+00:00] strava-api.INFO: GET - api/v3/activities/12353307825/streams - x-ratelimit-limit: 200,2000 - x-ratelimit-usage: 57,169 - x-readratelimit-limit: 100,1000 - x-readratelimit-usage: 57,169 [] []
[2025-07-09T14:25:35.372648+00:00] strava-api.INFO: GET - api/v3/activities/12289357869/streams - x-ratelimit-limit: 200,2000 - x-ratelimit-usage: 58,170 - x-readratelimit-limit: 100,1000 - x-readratelimit-usage: 58,170 [] []
[2025-07-09T14:25:45.717130+00:00] strava-api.INFO: GET - api/v3/activities/12217078088/streams - x-ratelimit-limit: 200,2000 - x-ratelimit-usage: 59,171 - x-readratelimit-limit: 100,1000 - x-readratelimit-usage: 59,171 [] []
[2025-07-09T14:25:55.950363+00:00] strava-api.INFO: GET - api/v3/activities/12171418545/streams - x-ratelimit-limit: 200,2000 - x-ratelimit-usage: 60,172 - x-readratelimit-limit: 100,1000 - x-readratelimit-usage: 60,172 [] []
[2025-07-09T14:26:06.218535+00:00] strava-api.INFO: GET - api/v3/activities/12149347551/streams - x-ratelimit-limit: 200,2000 - x-ratelimit-usage: 61,173 - x-readratelimit-limit: 100,1000 - x-readratelimit-usage: 61,173 [] []
[2025-07-09T14:26:16.448549+00:00] strava-api.INFO: GET - api/v3/activities/12112870414/streams - x-ratelimit-limit: 200,2000 - x-ratelimit-usage: 62,174 - x-readratelimit-limit: 100,1000 - x-readratelimit-usage: 62,174 [] []
[2025-07-09T14:26:26.677088+00:00] strava-api.INFO: GET - api/v3/activities/11923517787/streams - x-ratelimit-limit: 200,2000 - x-ratelimit-usage: 63,175 - x-readratelimit-limit: 100,1000 - x-readratelimit-usage: 63,175 [] []
[2025-07-09T14:26:36.980699+00:00] strava-api.INFO: GET - api/v3/activities/11849650432/streams - x-ratelimit-limit: 200,2000 - x-ratelimit-usage: 64,176 - x-readratelimit-limit: 100,1000 - x-readratelimit-usage: 64,176 [] []
[2025-07-09T14:26:47.240417+00:00] strava-api.INFO: GET - api/v3/activities/11813631869/streams - x-ratelimit-limit: 200,2000 - x-ratelimit-usage: 65,177 - x-readratelimit-limit: 100,1000 - x-readratelimit-usage: 65,177 [] []
[2025-07-09T14:26:57.674764+00:00] strava-api.INFO: GET - api/v3/activities/11677887695/streams - x-ratelimit-limit: 200,2000 - x-ratelimit-usage: 66,178 - x-readratelimit-limit: 100,1000 - x-readratelimit-usage: 66,178 [] []
[2025-07-09T14:27:07.961439+00:00] strava-api.INFO: GET - api/v3/activities/11651845993/streams - x-ratelimit-limit: 200,2000 - x-ratelimit-usage: 67,179 - x-readratelimit-limit: 100,1000 - x-readratelimit-usage: 67,179 [] []
[2025-07-09T14:27:18.332052+00:00] strava-api.INFO: GET - api/v3/activities/11647518061/streams - x-ratelimit-limit: 200,2000 - x-ratelimit-usage: 68,180 - x-readratelimit-limit: 100,1000 - x-readratelimit-usage: 68,180 [] []
[2025-07-09T14:27:28.607498+00:00] strava-api.INFO: GET - api/v3/activities/11646179041/streams - x-ratelimit-limit: 200,2000 - x-ratelimit-usage: 69,181 - x-readratelimit-limit: 100,1000 - x-readratelimit-usage: 69,181 [] []
[2025-07-09T14:27:38.898842+00:00] strava-api.INFO: GET - api/v3/activities/11615392067/streams - x-ratelimit-limit: 200,2000 - x-ratelimit-usage: 70,182 - x-readratelimit-limit: 100,1000 - x-readratelimit-usage: 70,182 [] []
[2025-07-09T14:27:49.115883+00:00] strava-api.INFO: GET - api/v3/activities/11605041774/streams - x-ratelimit-limit: 200,2000 - x-ratelimit-usage: 71,183 - x-readratelimit-limit: 100,1000 - x-readratelimit-usage: 71,183 [] []
[2025-07-09T14:27:59.466755+00:00] strava-api.INFO: GET - api/v3/activities/11598664287/streams - x-ratelimit-limit: 200,2000 - x-ratelimit-usage: 72,184 - x-readratelimit-limit: 100,1000 - x-readratelimit-usage: 72,184 [] []
[2025-07-09T14:28:09.667104+00:00] strava-api.INFO: GET - api/v3/activities/11528462845/streams - x-ratelimit-limit: 200,2000 - x-ratelimit-usage: 73,185 - x-readratelimit-limit: 100,1000 - x-readratelimit-usage: 73,185 [] []
[2025-07-09T14:28:19.863747+00:00] strava-api.INFO: GET - api/v3/activities/11466882689/streams - x-ratelimit-limit: 200,2000 - x-ratelimit-usage: 74,186 - x-readratelimit-limit: 100,1000 - x-readratelimit-usage: 74,186 [] []
[2025-07-09T14:28:30.054841+00:00] strava-api.INFO: GET - api/v3/activities/11420229109/streams - x-ratelimit-limit: 200,2000 - x-ratelimit-usage: 75,187 - x-readratelimit-limit: 100,1000 - x-readratelimit-usage: 75,187 [] []
[2025-07-09T14:28:40.310741+00:00] strava-api.INFO: GET - api/v3/activities/11330285901/streams - x-ratelimit-limit: 200,2000 - x-ratelimit-usage: 76,188 - x-readratelimit-limit: 100,1000 - x-readratelimit-usage: 76,188 [] []
[2025-07-09T14:28:50.535431+00:00] strava-api.INFO: GET - api/v3/activities/11271177625/streams - x-ratelimit-limit: 200,2000 - x-ratelimit-usage: 77,189 - x-readratelimit-limit: 100,1000 - x-readratelimit-usage: 77,189 [] []
[2025-07-09T14:29:00.935907+00:00] strava-api.INFO: GET - api/v3/activities/11208987379/streams - x-ratelimit-limit: 200,2000 - x-ratelimit-usage: 78,190 - x-readratelimit-limit: 100,1000 - x-readratelimit-usage: 78,190 [] []
[2025-07-09T14:29:11.155364+00:00] strava-api.INFO: GET - api/v3/activities/11153167411/streams - x-ratelimit-limit: 200,2000 - x-ratelimit-usage: 79,191 - x-readratelimit-limit: 100,1000 - x-readratelimit-usage: 79,191 [] []
[2025-07-09T14:29:21.356126+00:00] strava-api.INFO: GET - api/v3/activities/11122158575/streams - x-ratelimit-limit: 200,2000 - x-ratelimit-usage: 80,192 - x-readratelimit-limit: 100,1000 - x-readratelimit-usage: 80,192 [] []
[2025-07-09T14:29:31.569252+00:00] strava-api.INFO: GET - api/v3/activities/11058170329/streams - x-ratelimit-limit: 200,2000 - x-ratelimit-usage: 81,193 - x-readratelimit-limit: 100,1000 - x-readratelimit-usage: 81,193 [] []
[2025-07-09T14:29:41.757901+00:00] strava-api.INFO: GET - api/v3/activities/10891397607/streams - x-ratelimit-limit: 200,2000 - x-ratelimit-usage: 82,194 - x-readratelimit-limit: 100,1000 - x-readratelimit-usage: 82,194 [] []
[2025-07-09T14:29:52.105900+00:00] strava-api.INFO: GET - api/v3/activities/10426048522/streams - x-ratelimit-limit: 200,2000 - x-ratelimit-usage: 83,195 - x-readratelimit-limit: 100,1000 - x-readratelimit-usage: 83,195 [] []
[2025-07-09T14:30:02.465814+00:00] strava-api.INFO: GET - api/v3/activities/9739745786/streams - x-ratelimit-limit: 200,2000 - x-ratelimit-usage: 1,196 - x-readratelimit-limit: 100,1000 - x-readratelimit-usage: 1,196 [] []
[2025-07-09T14:30:12.740642+00:00] strava-api.INFO: GET - api/v3/activities/9655596785/streams - x-ratelimit-limit: 200,2000 - x-ratelimit-usage: 2,197 - x-readratelimit-limit: 100,1000 - x-readratelimit-usage: 2,197 [] []
[2025-07-09T14:30:22.998013+00:00] strava-api.INFO: GET - api/v3/activities/9578015605/streams - x-ratelimit-limit: 200,2000 - x-ratelimit-usage: 3,198 - x-readratelimit-limit: 100,1000 - x-readratelimit-usage: 3,198 [] []
[2025-07-09T14:30:33.224901+00:00] strava-api.INFO: GET - api/v3/activities/9528689032/streams - x-ratelimit-limit: 200,2000 - x-ratelimit-usage: 4,199 - x-readratelimit-limit: 100,1000 - x-readratelimit-usage: 4,199 [] []
[2025-07-09T14:30:43.483809+00:00] strava-api.INFO: GET - api/v3/activities/9458231527/streams - x-ratelimit-limit: 200,2000 - x-ratelimit-usage: 5,200 - x-readratelimit-limit: 100,1000 - x-readratelimit-usage: 5,200 [] []
[2025-07-09T14:30:53.748901+00:00] strava-api.INFO: GET - api/v3/activities/9402783735/streams - x-ratelimit-limit: 200,2000 - x-ratelimit-usage: 6,201 - x-readratelimit-limit: 100,1000 - x-readratelimit-usage: 6,201 [] []
[2025-07-09T14:31:04.050454+00:00] strava-api.INFO: GET - api/v3/activities/9310396076/streams - x-ratelimit-limit: 200,2000 - x-ratelimit-usage: 7,202 - x-readratelimit-limit: 100,1000 - x-readratelimit-usage: 7,202 [] []
[2025-07-09T14:31:14.268368+00:00] strava-api.INFO: GET - api/v3/activities/9285160422/streams - x-ratelimit-limit: 200,2000 - x-ratelimit-usage: 8,203 - x-readratelimit-limit: 100,1000 - x-readratelimit-usage: 8,203 [] []
[2025-07-09T14:31:24.484831+00:00] strava-api.INFO: GET - api/v3/activities/8698336923/streams - x-ratelimit-limit: 200,2000 - x-ratelimit-usage: 9,204 - x-readratelimit-limit: 100,1000 - x-readratelimit-usage: 9,204 [] []
[2025-07-09T14:31:34.769770+00:00] strava-api.INFO: GET - api/v3/activities/8686653972/streams - x-ratelimit-limit: 200,2000 - x-ratelimit-usage: 10,205 - x-readratelimit-limit: 100,1000 - x-readratelimit-usage: 10,205 [] []
[2025-07-09T14:31:45.081336+00:00] strava-api.INFO: GET - api/v3/activities/8628462041/streams - x-ratelimit-limit: 200,2000 - x-ratelimit-usage: 11,206 - x-readratelimit-limit: 100,1000 - x-readratelimit-usage: 11,206 [] []
[2025-07-09T14:31:55.444072+00:00] strava-api.INFO: GET - api/v3/activities/8553688268/streams - x-ratelimit-limit: 200,2000 - x-ratelimit-usage: 12,207 - x-readratelimit-limit: 100,1000 - x-readratelimit-usage: 12,207 [] []
[2025-07-09T14:32:05.662971+00:00] strava-api.INFO: GET - api/v3/activities/8430192184/streams - x-ratelimit-limit: 200,2000 - x-ratelimit-usage: 13,208 - x-readratelimit-limit: 100,1000 - x-readratelimit-usage: 13,208 [] []
[2025-07-09T14:32:15.985948+00:00] strava-api.INFO: GET - api/v3/activities/8419462379/streams - x-ratelimit-limit: 200,2000 - x-ratelimit-usage: 14,209 - x-readratelimit-limit: 100,1000 - x-readratelimit-usage: 14,209 [] []
[2025-07-09T14:32:26.278793+00:00] strava-api.INFO: GET - api/v3/activities/8408779377/streams - x-ratelimit-limit: 200,2000 - x-ratelimit-usage: 15,210 - x-readratelimit-limit: 100,1000 - x-readratelimit-usage: 15,210 [] []
[2025-07-09T14:32:36.731287+00:00] strava-api.INFO: GET - api/v3/activities/8387228809/streams - x-ratelimit-limit: 200,2000 - x-ratelimit-usage: 16,211 - x-readratelimit-limit: 100,1000 - x-readratelimit-usage: 16,211 [] []
[2025-07-09T14:32:46.985078+00:00] strava-api.INFO: GET - api/v3/activities/8377124406/streams - x-ratelimit-limit: 200,2000 - x-ratelimit-usage: 17,212 - x-readratelimit-limit: 100,1000 - x-readratelimit-usage: 17,212 [] []
[2025-07-09T14:32:57.330696+00:00] strava-api.INFO: GET - api/v3/activities/8371243985/streams - x-ratelimit-limit: 200,2000 - x-ratelimit-usage: 18,213 - x-readratelimit-limit: 100,1000 - x-readratelimit-usage: 18,213 [] []
[2025-07-09T14:33:07.563764+00:00] strava-api.INFO: GET - api/v3/activities/8162457331/streams - x-ratelimit-limit: 200,2000 - x-ratelimit-usage: 19,214 - x-readratelimit-limit: 100,1000 - x-readratelimit-usage: 19,214 [] []
[2025-07-09T14:33:17.830258+00:00] strava-api.INFO: GET - api/v3/activities/8127318957/streams - x-ratelimit-limit: 200,2000 - x-ratelimit-usage: 20,215 - x-readratelimit-limit: 100,1000 - x-readratelimit-usage: 20,215 [] []
[2025-07-09T14:33:28.231156+00:00] strava-api.INFO: GET - api/v3/activities/8024466042/streams - x-ratelimit-limit: 200,2000 - x-ratelimit-usage: 21,216 - x-readratelimit-limit: 100,1000 - x-readratelimit-usage: 21,216 [] []
[2025-07-09T14:33:38.526926+00:00] strava-api.INFO: GET - api/v3/activities/7639290795/streams - x-ratelimit-limit: 200,2000 - x-ratelimit-usage: 22,217 - x-readratelimit-limit: 100,1000 - x-readratelimit-usage: 22,217 [] []
[2025-07-09T14:33:49.071150+00:00] strava-api.INFO: GET - api/v3/activities/7638101831/streams - x-ratelimit-limit: 200,2000 - x-ratelimit-usage: 23,218 - x-readratelimit-limit: 100,1000 - x-readratelimit-usage: 23,218 [] []
[2025-07-09T14:33:59.413451+00:00] strava-api.INFO: GET - api/v3/activities/7433011355/streams - x-ratelimit-limit: 200,2000 - x-ratelimit-usage: 24,219 - x-readratelimit-limit: 100,1000 - x-readratelimit-usage: 24,219 [] []
[2025-07-09T14:34:09.682018+00:00] strava-api.INFO: GET - api/v3/activities/7326205700/streams - x-ratelimit-limit: 200,2000 - x-ratelimit-usage: 25,220 - x-readratelimit-limit: 100,1000 - x-readratelimit-usage: 25,220 [] []
[2025-07-09T14:34:19.886933+00:00] strava-api.INFO: GET - api/v3/activities/7283283660/streams - x-ratelimit-limit: 200,2000 - x-ratelimit-usage: 26,221 - x-readratelimit-limit: 100,1000 - x-readratelimit-usage: 26,221 [] []
[2025-07-09T14:34:30.166680+00:00] strava-api.INFO: GET - api/v3/activities/7159810284/streams - x-ratelimit-limit: 200,2000 - x-ratelimit-usage: 27,222 - x-readratelimit-limit: 100,1000 - x-readratelimit-usage: 27,222 [] []
[2025-07-09T14:34:40.460374+00:00] strava-api.INFO: GET - api/v3/activities/7143987676/streams - x-ratelimit-limit: 200,2000 - x-ratelimit-usage: 28,223 - x-readratelimit-limit: 100,1000 - x-readratelimit-usage: 28,223 [] []
[2025-07-09T14:34:50.657351+00:00] strava-api.INFO: GET - api/v3/activities/6366914357/streams - x-ratelimit-limit: 200,2000 - x-ratelimit-usage: 29,224 - x-readratelimit-limit: 100,1000 - x-readratelimit-usage: 29,224 [] []
[2025-07-09T14:35:00.906653+00:00] strava-api.INFO: GET - api/v3/activities/6162496336/streams - x-ratelimit-limit: 200,2000 - x-ratelimit-usage: 30,225 - x-readratelimit-limit: 100,1000 - x-readratelimit-usage: 30,225 [] []
[2025-07-09T14:35:11.182297+00:00] strava-api.INFO: GET - api/v3/activities/5874789976/streams - x-ratelimit-limit: 200,2000 - x-ratelimit-usage: 31,226 - x-readratelimit-limit: 100,1000 - x-readratelimit-usage: 31,226 [] []
[2025-07-09T14:35:21.624990+00:00] strava-api.INFO: GET - api/v3/activities/5808544955/streams - x-ratelimit-limit: 200,2000 - x-ratelimit-usage: 32,227 - x-readratelimit-limit: 100,1000 - x-readratelimit-usage: 32,227 [] []
[2025-07-09T14:35:31.986185+00:00] strava-api.INFO: GET - api/v3/activities/5807019449/streams - x-ratelimit-limit: 200,2000 - x-ratelimit-usage: 33,228 - x-readratelimit-limit: 100,1000 - x-readratelimit-usage: 33,228 [] []
[2025-07-09T14:35:42.328045+00:00] strava-api.INFO: GET - api/v3/activities/5754016272/streams - x-ratelimit-limit: 200,2000 - x-ratelimit-usage: 34,229 - x-readratelimit-limit: 100,1000 - x-readratelimit-usage: 34,229 [] []
[2025-07-09T14:35:52.899496+00:00] strava-api.INFO: GET - api/v3/activities/5726646009/streams - x-ratelimit-limit: 200,2000 - x-ratelimit-usage: 35,230 - x-readratelimit-limit: 100,1000 - x-readratelimit-usage: 35,230 [] []
[2025-07-09T14:36:03.297636+00:00] strava-api.INFO: GET - api/v3/activities/5504084806/streams - x-ratelimit-limit: 200,2000 - x-ratelimit-usage: 36,231 - x-readratelimit-limit: 100,1000 - x-readratelimit-usage: 36,231 [] []
[2025-07-09T14:36:13.531213+00:00] strava-api.INFO: GET - api/v3/activities/5466255623/streams - x-ratelimit-limit: 200,2000 - x-ratelimit-usage: 37,232 - x-readratelimit-limit: 100,1000 - x-readratelimit-usage: 37,232 [] []
[2025-07-09T14:36:23.815909+00:00] strava-api.INFO: GET - api/v3/activities/5459916338/streams - x-ratelimit-limit: 200,2000 - x-ratelimit-usage: 38,233 - x-readratelimit-limit: 100,1000 - x-readratelimit-usage: 38,233 [] []
[2025-07-09T14:36:34.105525+00:00] strava-api.INFO: GET - api/v3/activities/5215274282/streams - x-ratelimit-limit: 200,2000 - x-ratelimit-usage: 39,234 - x-readratelimit-limit: 100,1000 - x-readratelimit-usage: 39,234 [] []
[2025-07-09T14:36:44.285521+00:00] strava-api.INFO: GET - api/v3/activities/4868603018/streams - x-ratelimit-limit: 200,2000 - x-ratelimit-usage: 40,235 - x-readratelimit-limit: 100,1000 - x-readratelimit-usage: 40,235 [] []
[2025-07-09T14:36:54.549966+00:00] strava-api.INFO: GET - api/v3/activities/4593889768/streams - x-ratelimit-limit: 200,2000 - x-ratelimit-usage: 41,236 - x-readratelimit-limit: 100,1000 - x-readratelimit-usage: 41,236 [] []
[2025-07-09T14:37:04.771374+00:00] strava-api.INFO: GET - api/v3/activities/4400127232/streams - x-ratelimit-limit: 200,2000 - x-ratelimit-usage: 42,237 - x-readratelimit-limit: 100,1000 - x-readratelimit-usage: 42,237 [] []
[2025-07-09T14:37:15.017358+00:00] strava-api.INFO: GET - api/v3/activities/4377821717/streams - x-ratelimit-limit: 200,2000 - x-ratelimit-usage: 43,238 - x-readratelimit-limit: 100,1000 - x-readratelimit-usage: 43,238 [] []
[2025-07-09T14:37:25.374186+00:00] strava-api.INFO: GET - api/v3/activities/4333411322/streams - x-ratelimit-limit: 200,2000 - x-ratelimit-usage: 44,239 - x-readratelimit-limit: 100,1000 - x-readratelimit-usage: 44,239 [] []
[2025-07-09T14:37:35.711052+00:00] strava-api.INFO: GET - api/v3/activities/4291843015/streams - x-ratelimit-limit: 200,2000 - x-ratelimit-usage: 45,240 - x-readratelimit-limit: 100,1000 - x-readratelimit-usage: 45,240 [] []
[2025-07-09T14:37:45.925533+00:00] strava-api.INFO: GET - api/v3/activities/4208386279/streams - x-ratelimit-limit: 200,2000 - x-ratelimit-usage: 46,241 - x-readratelimit-limit: 100,1000 - x-readratelimit-usage: 46,241 [] []
[2025-07-09T14:37:56.143548+00:00] strava-api.INFO: GET - api/v3/activities/4039443041/streams - x-ratelimit-limit: 200,2000 - x-ratelimit-usage: 47,242 - x-readratelimit-limit: 100,1000 - x-readratelimit-usage: 47,242 [] []
[2025-07-09T14:38:06.389923+00:00] strava-api.INFO: GET - api/v3/activities/3873609676/streams - x-ratelimit-limit: 200,2000 - x-ratelimit-usage: 48,243 - x-readratelimit-limit: 100,1000 - x-readratelimit-usage: 48,243 [] []
[2025-07-09T14:38:16.748185+00:00] strava-api.INFO: GET - api/v3/activities/3866239524/streams - x-ratelimit-limit: 200,2000 - x-ratelimit-usage: 49,244 - x-readratelimit-limit: 100,1000 - x-readratelimit-usage: 49,244 [] []
[2025-07-09T14:38:27.043614+00:00] strava-api.INFO: GET - api/v3/activities/3809735597/streams - x-ratelimit-limit: 200,2000 - x-ratelimit-usage: 50,245 - x-readratelimit-limit: 100,1000 - x-readratelimit-usage: 50,245 [] []
[2025-07-09T14:38:37.269451+00:00] strava-api.INFO: GET - api/v3/activities/3720273351/streams - x-ratelimit-limit: 200,2000 - x-ratelimit-usage: 51,246 - x-readratelimit-limit: 100,1000 - x-readratelimit-usage: 51,246 [] []
[2025-07-09T14:38:47.461515+00:00] strava-api.INFO: GET - api/v3/activities/3656718262/streams - x-ratelimit-limit: 200,2000 - x-ratelimit-usage: 52,247 - x-readratelimit-limit: 100,1000 - x-readratelimit-usage: 52,247 [] []
[2025-07-09T14:39:04.237599+00:00] strava-api.INFO: GET - athletes/62073408 - x-ratelimit-limit:  - x-ratelimit-usage:  - x-readratelimit-limit:  - x-readratelimit-usage:  [] []
